[jevelin.shufflehound.com/personal-blog/index.html]
[backblue.gif]
[fade.gif]
[index.html]
[jevelin.shufflehound.com/personal-blog/wp-content/cache/autoptimize/28/css/autoptimize_541e2ced151704f4ff1844c6de47ec02.css]
[jevelin.shufflehound.com/personal-blog/wp-content/cache/autoptimize/28/css/autoptimize_cdb657e7e6aacbecf002c6f28f30a76d.css]
[jevelin.shufflehound.com/personal-blog/wp-content/cache/autoptimize/28/css/autoptimize_single_bb262890bd5f66db3f78be8648c5b130807c.css]
[jevelin.shufflehound.com/personal-blog/comments/feed/index.html]
[jevelin.shufflehound.com/personal-blog/feed/index.html]
[jevelin.shufflehound.com/personal-blog/wp-json/wp/v2/pages/140.json]
[jevelin.shufflehound.com/personal-blog/xmlrpc0db0.php]
[jevelin.shufflehound.com/personal-blog/wp-json/index.html]
[jevelin.shufflehound.com/personal-blog/wp-includes/wlwmanifest.xml]
[jevelin.shufflehound.com/personal-blog/wp-json/oembed/1.0/embedbffd.json]
[jevelin.shufflehound.com/personal-blog/wp-json/oembed/1.0/embed021e]
[jevelin.shufflehound.com/personal-blog/wp-content/uploads/sites/28/2019/09/bg-par24bb2.jpg]
[jevelin.shufflehound.com/personal-blog/category/gear/index.html]
[jevelin.shufflehound.com/personal-blog/2016/11/23/gear-on-the-white-cloth/index.html]
[jevelin.shufflehound.com/personal-blog/wp-content/cache/autoptimize/28/js/autoptimize_9d1ba299c0f3b5dea10fce7865c07ed6.js]
[jevelin.shufflehound.com/personal-blog/wp-content/uploads/sites/28/2019/09/Jevelin_logo_dark.png]
[jevelin.shufflehound.com/personal-blog/2016/11/23/the-backpack-journey/index.html]
[jevelin.shufflehound.com/personal-blog/category/people/index.html]
[jevelin.shufflehound.com/personal-blog/2016/11/23/check-out-my-new-setup/index.html]
[jevelin.shufflehound.com/personal-blog/2016/11/23/must-have-gear-i-never-forget/index.html]
[jevelin.shufflehound.com/personal-blog/category/photography/index.html]
[jevelin.shufflehound.com/personal-blog/wp-content/uploads/sites/28/2019/09/Jevelin_logo_light.png]
[jevelin.shufflehound.com/personal-blog/wp-content/plugins/revslider/public/assets/assets/dummy.png]
[jevelin.shufflehound.com/personal-blog/wp-content/uploads/sites/28/2019/09/101_0010_alexandru-acea-oumcLEqVwNc-unsplash-1024x777.jpg]
[jevelin.shufflehound.com/personal-blog/wp-content/uploads/sites/28/2019/09/101_0012_alexandru-acea-idLguOknH1E-unsplash-1024x777.jpg]
[jevelin.shufflehound.com/personal-blog/2016/11/23/the-midday-swim/index.html]
[jevelin.shufflehound.com/personal-blog/author/shufflehound/index.html]
[jevelin.shufflehound.com/personal-blog/category/nature/index.html]
[jevelin.shufflehound.com/personal-blog/wp-content/uploads/sites/28/2019/09/101_0005_alexandru-acea-X4Py91ApXAQ-unsplash-1200x675.jpg]
[jevelin.shufflehound.com/personal-blog/wp-content/uploads/sites/28/2019/09/101_0009_alexandru-acea-pmZhEa4c4s4-unsplash-1200x675.jpg]
[jevelin.shufflehound.com/personal-blog/wp-content/uploads/sites/28/2019/09/101_0018_alexandru-acea-9wkkP6DLg1Y-unsplash-660x420.jpg]
[jevelin.shufflehound.com/personal-blog/2016/11/22/motivational/index.html]
[jevelin.shufflehound.com/personal-blog/wp-content/uploads/sites/28/2019/09/101_0018_alexandru-acea-9wkkP6DLg1Y-unsplash-1024x777.jpg]
[jevelin.shufflehound.com/personal-blog/wp-content/uploads/sites/28/2019/09/101_0011_alexandru-acea-MFGLA-zfb8c-unsplash-660x420.jpg]
[jevelin.shufflehound.com/personal-blog/2016/11/23/trip-that-youll-never-forget/index.html]
[jevelin.shufflehound.com/personal-blog/category/travel/index.html]
[jevelin.shufflehound.com/personal-blog/wp-content/uploads/sites/28/2019/09/101_0001_alexandru-acea-bbokzTQjB9o-unsplash-660x420.jpg]
[jevelin.shufflehound.com/personal-blog/wp-content/uploads/sites/28/2019/09/101_0022_alexandru-acea-XHqTv6E5YDU-unsplash-660x420.jpg]
[jevelin.shufflehound.com/personal-blog/wp-content/uploads/sites/28/2019/09/101_0007_alexandru-acea-Vk044I3w1gI-unsplash-660x420.jpg]
[jevelin.shufflehound.com/personal-blog/wp-content/uploads/sites/28/2019/09/101_0007_alexandru-acea-Vk044I3w1gI-unsplash-1024x777.jpg]
[jevelin.shufflehound.com/personal-blog/wp-content/uploads/sites/28/2019/09/101_0004_alexandru-acea-yobJi3n7lRg-unsplash-660x420.jpg]
[jevelin.shufflehound.com/personal-blog/category/tech/index.html]
[jevelin.shufflehound.com/personal-blog/2016/11/23/movie-like-photo-shoot/index.html]
[jevelin.shufflehound.com/personal-blog/category/design/index.html]
[jevelin.shufflehound.com/personal-blog/wp-content/uploads/sites/28/2019/09/101_0004_alexandru-acea-yobJi3n7lRg-unsplash-1024x777.jpg]
[jevelin.shufflehound.com/personal-blog/wp-content/uploads/sites/28/2019/09/101_0015_alexandru-acea-cv_QP-qAGdI-unsplash-660x420.jpg]
[jevelin.shufflehound.com/personal-blog/2016/11/23/craftsmen-at-work/index.html]
[jevelin.shufflehound.com/personal-blog/wp-content/uploads/sites/28/2019/09/101_0015_alexandru-acea-cv_QP-qAGdI-unsplash-1024x777.jpg]
[jevelin.shufflehound.com/personal-blog/2016/11/23/83/index.html]
[jevelin.shufflehound.com/personal-blog/wp-content/uploads/sites/28/2019/09/101_0018_alexandru-acea-9wkkP6DLg1Y-unsplash-150x150.jpg]
[jevelin.shufflehound.com/personal-blog/2016/11/23/test/index.html]
[jevelin.shufflehound.com/personal-blog/wp-content/uploads/sites/28/2019/09/101_0011_alexandru-acea-MFGLA-zfb8c-unsplash-150x150.jpg]
[jevelin.shufflehound.com/personal-blog/wp-content/uploads/sites/28/2019/09/101_0007_alexandru-acea-Vk044I3w1gI-unsplash-150x150.jpg]
[jevelin.shufflehound.com/personal-blog/wp-content/uploads/sites/28/2019/09/101_0004_alexandru-acea-yobJi3n7lRg-unsplash-150x150.jpg]
[jevelin.shufflehound.com/personal-blog/wp-content/uploads/sites/28/2016/11/ad.png]
[jevelin.shufflehound.com/personal-blog/wp-content/uploads/sites/28/2019/09/101_0017_alexandru-acea-AUYYJQZXArM-unsplash-1024x777.jpg]
[jevelin.shufflehound.com/personal-blog/tag/building/index.html]
[jevelin.shufflehound.com/personal-blog/tag/bike/index.html]
[jevelin.shufflehound.com/personal-blog/tag/camera/index.html]
[jevelin.shufflehound.com/personal-blog/wp-content/uploads/sites/28/2019/09/101_0013_alexandru-acea-DyO-Xf9IUTk-unsplash-1200x675.jpg]
[jevelin.shufflehound.com/personal-blog/tag/girl/index.html]
[jevelin.shufflehound.com/personal-blog/tag/craft/index.html]
[jevelin.shufflehound.com/personal-blog/tag/gear/index.html]
[jevelin.shufflehound.com/personal-blog/wp-content/uploads/sites/28/2019/09/101_0006_alexandru-acea-wEtSbhHh6i4-unsplash-1200x675.jpg]
[jevelin.shufflehound.com/personal-blog/tag/jumping/index.html]
[jevelin.shufflehound.com/personal-blog/tag/lake/index.html]
[jevelin.shufflehound.com/personal-blog/tag/lifestyle/index.html]
[jevelin.shufflehound.com/personal-blog/tag/master/index.html]
[jevelin.shufflehound.com/personal-blog/wp-content/uploads/sites/28/2019/09/101_0003_alexandru-acea-yZaFMh3-kA-unsplash-1200x675.jpg]
[jevelin.shufflehound.com/personal-blog/tag/mountains/index.html]
[jevelin.shufflehound.com/personal-blog/tag/mock-up/index.html]
[jevelin.shufflehound.com/personal-blog/tag/motivation/index.html]
[jevelin.shufflehound.com/personal-blog/wp-content/uploads/sites/28/2019/09/101_0021_alexandru-acea-_IY2lPdy-BI-unsplash-1024x777.jpg]
[jevelin.shufflehound.com/personal-blog/tag/movie/index.html]
[jevelin.shufflehound.com/personal-blog/tag/office/index.html]
[jevelin.shufflehound.com/personal-blog/tag/notebook/index.html]
[jevelin.shufflehound.com/personal-blog/wp-content/uploads/sites/28/2019/09/101_0006_alexandru-acea-wEtSbhHh6i4-unsplash-1024x777.jpg]
[jevelin.shufflehound.com/personal-blog/tag/stormtrooper/index.html]
[jevelin.shufflehound.com/personal-blog/tag/swimming/index.html]
[jevelin.shufflehound.com/personal-blog/tag/trooper/index.html]
[jevelin.shufflehound.com/personal-blog/wp-content/uploads/sites/28/2019/09/101_0022_alexandru-acea-XHqTv6E5YDU-unsplash-1024x777.jpg]
[jevelin.shufflehound.com/personal-blog/wp-content/uploads/sites/28/2019/09/101_0001_alexandru-acea-bbokzTQjB9o-unsplash-1024x777.jpg]
[jevelin.shufflehound.com/personal-blog/2016/11/23/main-headquarters-if-finally-ready/index.html]
[jevelin.shufflehound.com/personal-blog/2016/11/23/first-steps-in-the-right-direction/index.html]
[jevelin.shufflehound.com/personal-blog/2016/11/23/couple-of-cool-mock-up-ideas/index.html]
[jevelin.shufflehound.com/personal-blog/wp-content/uploads/sites/28/2019/09/101_0012_alexandru-acea-idLguOknH1E-unsplash-1200x675.jpg]
[jevelin.shufflehound.com/personal-blog/wp-content/uploads/sites/28/2019/09/101_0018_alexandru-acea-9wkkP6DLg1Y-unsplash-1200x675.jpg]
[jevelin.shufflehound.com/personal-blog/wp-content/uploads/sites/28/2016/11/6-1200x675.jpg]
[jevelin.shufflehound.com/personal-blog/wp-content/uploads/sites/28/2016/11/6-1024x600.jpg]
[jevelin.shufflehound.com/personal-blog/wp-content/uploads/sites/28/2019/09/101_0010_alexandru-acea-oumcLEqVwNc-unsplash-1200x675.jpg]
[jevelin.shufflehound.com/personal-blog/2016/11/23/the-proper-way-to-dress-up-for-the-business-meeting/index.html]
[jevelin.shufflehound.com/personal-blog/wp-content/uploads/sites/28/2019/09/101_0021_alexandru-acea-_IY2lPdy-BI-unsplash-1200x675.jpg]
[jevelin.shufflehound.com/personal-blog/category/commercial/index.html]
[jevelin.shufflehound.com/personal-blog/wp-content/uploads/sites/28/2019/09/101_0007_alexandru-acea-Vk044I3w1gI-unsplash-1200x675.jpg]
[jevelin.shufflehound.com/personal-blog/wp-includes/js/dist/vendor/regenerator-runtime.minb36a.js]
[jevelin.shufflehound.com/personal-blog/2016/11/22/shufflehound-link/index.html]
[jevelin.shufflehound.com/personal-blog/index.html]
[jevelin.shufflehound.com/personal-blog/wp-includes/js/dist/vendor/wp-polyfill.min2c7c.js]
[jevelin.shufflehound.com/personal-blog/page/2/index.html]
[jevelin.shufflehound.com/personal-blog/wp-content/plugins/shufflehound-showcase-framework/jevelin_home1.jpg]
[jevelin.shufflehound.com/personal-blog/wp-content/plugins/woocommerce/assets/fonts/star.eot]
[jevelin.shufflehound.com/personal-blog/wp-content/plugins/unyson/framework/static/libs/font-awesome/fonts/fontawesome-webfont3e6e.eot]
[jevelin.shufflehound.com/personal-blog/wp-content/plugins/js_composer/assets/vc/alert.png]
[jevelin.shufflehound.com/personal-blog/wp-content/themes/jevelin/css/fonts/glyphicons-halflings-regular.eot]
[jevelin.shufflehound.com/personal-blog/wp-content/themes/jevelin/fonts/lightcaseeead.eot]
[jevelin.shufflehound.com/personal-blog/wp-content/themes/jevelin/fonts/Pe-icon-7-stroke.eot]
[jevelin.shufflehound.com/personal-blog/wp-content/themes/jevelin/fonts/Simple-Line-Icons8d5a.eot]
[jevelin.shufflehound.com/personal-blog/wp-content/themes/jevelin/fonts/themify.eot]
[jevelin.shufflehound.com/personal-blog/wp-content/themes/jevelin/fonts/Shufflehound-Icons62dd.eot]
[jevelin.shufflehound.com/personal-blog/wp-content/themes/jevelin/fonts/Shufflehound-Icons62dd.ttf]
[jevelin.shufflehound.com/personal-blog/wp-content/themes/jevelin/fonts/Shufflehound-Icons62dd.woff]
[jevelin.shufflehound.com/personal-blog/wp-content/themes/jevelin/fonts/Shufflehound-Icons62dd.svg]
[jevelin.shufflehound.com/personal-blog/wp-content/themes/jevelin/img/new.png]
[jevelin.shufflehound.com/personal-blog/wp-content/plugins/revslider/public/assets/fonts/revicons/revicons90c6.eot]
[jevelin.shufflehound.com/personal-blog/wp-content/cache/autoptimize/28/css/autoptimize_cdb657e7e6aacbecf002c6f28f30a76d.css]
[jevelin.shufflehound.com/personal-blog/wp-content/cache/autoptimize/28/css/autoptimize_541e2ced151704f4ff1844c6de47ec02.css]
[jevelin.shufflehound.com/personal-blog/wp-content/cache/autoptimize/28/css/autoptimize_single_bb262890bd5f66db3f78be8648c5b130807c.css]
[jevelin.shufflehound.com/personal-blog/xmlrpc0db0.html]
[jevelin.shufflehound.com/personal-blog/wp-content/cache/autoptimize/28/css/autoptimize_ef5e451dd2cdd0b889a0af18aa938c21.css]
[jevelin.shufflehound.com/personal-blog/wp-json/wp/v2/categories/63.json]
[jevelin.shufflehound.com/personal-blog/category/gear/feed/index.html]
[jevelin.shufflehound.com/personal-blog/wp-content/uploads/sites/28/2019/09/101_0013_alexandru-acea-DyO-Xf9IUTk-unsplash-660x660.jpg]
[jevelin.shufflehound.com/personal-blog/wp-content/uploads/sites/28/2019/09/101_0006_alexandru-acea-wEtSbhHh6i4-unsplash-660x660.jpg]
[jevelin.shufflehound.com/personal-blog/wp-content/cache/autoptimize/28/js/autoptimize_f7b00acbe5cbe6161305846b451527c4.js]
[jevelin.shufflehound.com/personal-blog/wp-content/uploads/sites/28/2019/09/101_0003_alexandru-acea-yZaFMh3-kA-unsplash-660x660.jpg]
[jevelin.shufflehound.com/personal-blog/wp-content/uploads/sites/28/2019/09/101_0012_alexandru-acea-idLguOknH1E-unsplash-660x660.jpg]
[jevelin.shufflehound.com/personal-blog/wp-content/uploads/sites/28/2019/09/101_0005_alexandru-acea-X4Py91ApXAQ-unsplash-660x660.jpg]
[jevelin.shufflehound.com/personal-blog/category/gear/index.html]
[jevelin.shufflehound.com/personal-blog/wp-content/uploads/sites/28/2019/09/101_0009_alexandru-acea-pmZhEa4c4s4-unsplash-660x660.jpg]
[jevelin.shufflehound.com/personal-blog/wp-json/wp/v2/posts/91.json]
[jevelin.shufflehound.com/personal-blog/wp-json/oembed/1.0/embed6876.json]
[jevelin.shufflehound.com/personal-blog/2016/11/23/gear-on-the-white-cloth/feed/index.html]
[jevelin.shufflehound.com/personal-blog/wp-json/oembed/1.0/embede6fc]
[jevelin.shufflehound.com/personal-blog/wp-content/uploads/sites/28/2019/09/101_0011_alexandru-acea-MFGLA-zfb8c-unsplash-1200x675.jpg]
[jevelin.shufflehound.com/personal-blog/wp-content/cache/autoptimize/28/js/autoptimize_66923b4c3934b0f28b8dfb955f9caf73.js]
[jevelin.shufflehound.com/personal-blog/wp-content/uploads/sites/28/2019/09/101_0011_alexandru-acea-MFGLA-zfb8c-unsplash-1024x777.jpg]
[jevelin.shufflehound.com/personal-blog/wp-content/uploads/sites/28/2019/09/101_0001_alexandru-acea-bbokzTQjB9o-unsplash-1200x675.jpg]
[jevelin.shufflehound.com/personal-blog/wp-content/uploads/sites/28/2019/09/101_0022_alexandru-acea-XHqTv6E5YDU-unsplash-1200x675.jpg]
[jevelin.shufflehound.com/personal-blog/wp-content/uploads/sites/28/2016/11/14-660x420.jpg]
[jevelin.shufflehound.com/personal-blog/wp-content/uploads/sites/28/2016/11/14-1024x960.jpg]
[jevelin.shufflehound.com/personal-blog/2016/11/23/gear-on-the-white-cloth/index.html]
[jevelin.shufflehound.com/personal-blog/wp-json/wp/v2/posts/72.json]
[jevelin.shufflehound.com/personal-blog/2016/11/22/how-fake-news-goes-viral-a-case-study-2/index.html]
[jevelin.shufflehound.com/personal-blog/2016/11/23/must-have-gear-i-never-forget/feed/index.html]
[jevelin.shufflehound.com/personal-blog/wp-json/oembed/1.0/embed7ece.json]
[jevelin.shufflehound.com/personal-blog/wp-json/oembed/1.0/embed7ad7]
[jevelin.shufflehound.com/personal-blog/wp-content/uploads/sites/28/2019/09/101_0013_alexandru-acea-DyO-Xf9IUTk-unsplash-1024x777.jpg]
[jevelin.shufflehound.com/personal-blog/wp-content/uploads/sites/28/2019/09/101_0003_alexandru-acea-yZaFMh3-kA-unsplash-1024x777.jpg]
[jevelin.shufflehound.com/personal-blog/wp-content/uploads/sites/28/2019/09/101_0017_alexandru-acea-AUYYJQZXArM-unsplash-660x420.jpg]
[jevelin.shufflehound.com/personal-blog/wp-content/uploads/sites/28/2019/09/101_0006_alexandru-acea-wEtSbhHh6i4-unsplash-660x420.jpg]
[jevelin.shufflehound.com/personal-blog/wp-content/uploads/sites/28/2019/09/101_0010_alexandru-acea-oumcLEqVwNc-unsplash-660x420.jpg]
[jevelin.shufflehound.com/personal-blog/2016/11/23/must-have-gear-i-never-forget/index.html]
[jevelin.shufflehound.com/personal-blog/wp-json/wp/v2/posts/68.json]
[jevelin.shufflehound.com/personal-blog/2016/11/23/the-backpack-journey/feed/index.html]
[jevelin.shufflehound.com/personal-blog/wp-json/oembed/1.0/embedbbd3.json]
[jevelin.shufflehound.com/personal-blog/wp-json/oembed/1.0/embedb2a0]
[jevelin.shufflehound.com/personal-blog/wp-content/uploads/sites/28/2019/09/101_0003_alexandru-acea-yZaFMh3-kA-unsplash-660x420.jpg]
[jevelin.shufflehound.com/personal-blog/2016/11/23/the-backpack-journey/index.html]
[jevelin.shufflehound.com/personal-blog/wp-json/wp/v2/posts/66.json]
[jevelin.shufflehound.com/personal-blog/2016/11/23/check-out-my-new-setup/feed/index.html]
[jevelin.shufflehound.com/personal-blog/wp-json/oembed/1.0/embed7c7c.json]
[jevelin.shufflehound.com/personal-blog/wp-json/oembed/1.0/embed009c]
[jevelin.shufflehound.com/personal-blog/2016/11/23/check-out-my-new-setup/index.html]
[jevelin.shufflehound.com/personal-blog/wp-content/uploads/sites/28/2019/09/101_0021_alexandru-acea-_IY2lPdy-BI-unsplash-660x420.jpg]
[jevelin.shufflehound.com/personal-blog/category/people/index.html]
[jevelin.shufflehound.com/personal-blog/wp-json/wp/v2/categories/22.json]
[jevelin.shufflehound.com/personal-blog/wp-json/wp/v2/categories/23.json]
[jevelin.shufflehound.com/personal-blog/category/people/feed/index.html]
[jevelin.shufflehound.com/personal-blog/category/photography/feed/index.html]
[jevelin.shufflehound.com/personal-blog/wp-content/uploads/sites/28/2019/09/101_0011_alexandru-acea-MFGLA-zfb8c-unsplash-660x660.jpg]
[jevelin.shufflehound.com/personal-blog/wp-content/uploads/sites/28/2019/09/101_0001_alexandru-acea-bbokzTQjB9o-unsplash-660x660.jpg]
[jevelin.shufflehound.com/personal-blog/wp-content/uploads/sites/28/2019/09/101_0022_alexandru-acea-XHqTv6E5YDU-unsplash-660x660.jpg]
[jevelin.shufflehound.com/personal-blog/category/photography/index.html]
[jevelin.shufflehound.com/personal-blog/wp-json/wp/v2/posts/47.json]
[jevelin.shufflehound.com/personal-blog/wp-json/oembed/1.0/embeda36e.json]
[jevelin.shufflehound.com/personal-blog/2016/11/23/the-midday-swim/feed/index.html]
[jevelin.shufflehound.com/personal-blog/wp-json/oembed/1.0/embed5e7b]
[jevelin.shufflehound.com/personal-blog/wp-content/uploads/sites/28/2019/09/101_0005_alexandru-acea-X4Py91ApXAQ-unsplash-660x420.jpg]
[jevelin.shufflehound.com/personal-blog/wp-content/uploads/sites/28/2019/09/101_0009_alexandru-acea-pmZhEa4c4s4-unsplash-660x420.jpg]
[jevelin.shufflehound.com/personal-blog/2016/11/23/the-midday-swim/index.html]
[jevelin.shufflehound.com/personal-blog/author/shufflehound/index.html]
[jevelin.shufflehound.com/personal-blog/wp-json/wp/v2/users/1.json]
[jevelin.shufflehound.com/personal-blog/author/shufflehound/page/2/index.html]
[jevelin.shufflehound.com/personal-blog/wp-json/wp/v2/categories/21.json]
[jevelin.shufflehound.com/personal-blog/category/nature/index.html]
[jevelin.shufflehound.com/personal-blog/author/shufflehound/feed/index.html]
[jevelin.shufflehound.com/personal-blog/category/nature/feed/index.html]
[jevelin.shufflehound.com/personal-blog/wp-json/wp/v2/posts/131.json]
[jevelin.shufflehound.com/personal-blog/2016/11/22/motivational/feed/index.html]
[jevelin.shufflehound.com/personal-blog/wp-json/oembed/1.0/embed4a75.json]
[jevelin.shufflehound.com/personal-blog/wp-json/oembed/1.0/embedd059]
[jevelin.shufflehound.com/personal-blog/wp-content/uploads/sites/28/2019/09/101_0005_alexandru-acea-X4Py91ApXAQ-unsplash-1024x777.jpg]
[jevelin.shufflehound.com/personal-blog/2016/11/22/motivational/index.html]
[jevelin.shufflehound.com/personal-blog/wp-content/uploads/sites/28/2019/09/101_0009_alexandru-acea-pmZhEa4c4s4-unsplash-1024x777.jpg]
[jevelin.shufflehound.com/personal-blog/wp-json/wp/v2/posts/93.json]
[jevelin.shufflehound.com/personal-blog/wp-json/oembed/1.0/embedc6b3.json]
[jevelin.shufflehound.com/personal-blog/2016/11/23/trip-that-youll-never-forget/feed/index.html]
[jevelin.shufflehound.com/personal-blog/2016/11/23/trip-that-youll-never-forget/index.html]
[jevelin.shufflehound.com/personal-blog/wp-json/oembed/1.0/embed59de]
[jevelin.shufflehound.com/personal-blog/category/travel/index.html]
[jevelin.shufflehound.com/personal-blog/wp-json/wp/v2/categories/25.json]
[jevelin.shufflehound.com/personal-blog/category/tech/index.html]
[jevelin.shufflehound.com/personal-blog/wp-json/wp/v2/categories/24.json]
[jevelin.shufflehound.com/personal-blog/category/travel/feed/index.html]
[jevelin.shufflehound.com/personal-blog/category/tech/feed/index.html]
[jevelin.shufflehound.com/personal-blog/wp-json/wp/v2/posts/88.json]
[jevelin.shufflehound.com/personal-blog/2016/11/23/movie-like-photo-shoot/feed/index.html]
[jevelin.shufflehound.com/personal-blog/wp-json/oembed/1.0/embed8592.json]
[jevelin.shufflehound.com/personal-blog/wp-json/oembed/1.0/embedd629]
[jevelin.shufflehound.com/personal-blog/wp-content/uploads/sites/28/2016/11/6-660x420.jpg]
[jevelin.shufflehound.com/personal-blog/2016/11/23/movie-like-photo-shoot/index.html]
[jevelin.shufflehound.com/personal-blog/category/design/index.html]
[jevelin.shufflehound.com/personal-blog/wp-json/wp/v2/categories/18.json]
[jevelin.shufflehound.com/personal-blog/wp-json/wp/v2/posts/86.json]
[jevelin.shufflehound.com/personal-blog/category/design/feed/index.html]
[jevelin.shufflehound.com/personal-blog/2016/11/23/craftsmen-at-work/feed/index.html]
[jevelin.shufflehound.com/personal-blog/wp-json/oembed/1.0/embedf974.json]
[jevelin.shufflehound.com/personal-blog/wp-json/oembed/1.0/embed77c5]
[jevelin.shufflehound.com/personal-blog/wp-content/uploads/sites/28/2019/09/101_0004_alexandru-acea-yobJi3n7lRg-unsplash-1200x675.jpg]
[jevelin.shufflehound.com/personal-blog/2016/11/23/craftsmen-at-work/index.html]
[jevelin.shufflehound.com/personal-blog/wp-json/wp/v2/posts/139.json]
[jevelin.shufflehound.com/personal-blog/wp-json/oembed/1.0/embedca3b.json]
[jevelin.shufflehound.com/personal-blog/2016/11/23/83/feed/index.html]
[jevelin.shufflehound.com/personal-blog/wp-json/oembed/1.0/embed9ea3]
[jevelin.shufflehound.com/personal-blog/wp-content/uploads/sites/28/2019/09/101_0015_alexandru-acea-cv_QP-qAGdI-unsplash-1200x675.jpg]
[jevelin.shufflehound.com/personal-blog/2016/11/23/83/index.html]
[jevelin.shufflehound.com/personal-blog/wp-json/wp/v2/posts/78.json]
[jevelin.shufflehound.com/personal-blog/2016/11/23/test/feed/index.html]
[jevelin.shufflehound.com/personal-blog/wp-json/oembed/1.0/embed7360.json]
[jevelin.shufflehound.com/personal-blog/2016/11/23/test/index.html]
[jevelin.shufflehound.com/personal-blog/wp-json/oembed/1.0/embed000d]
[jevelin.shufflehound.com/personal-blog/tag/bike/index.html]
[jevelin.shufflehound.com/personal-blog/wp-json/wp/v2/tags/28.json]
[jevelin.shufflehound.com/personal-blog/tag/building/index.html]
[jevelin.shufflehound.com/personal-blog/wp-json/wp/v2/tags/29.json]
[jevelin.shufflehound.com/personal-blog/tag/bike/feed/index.html]
[jevelin.shufflehound.com/personal-blog/tag/camera/index.html]
[jevelin.shufflehound.com/personal-blog/wp-json/wp/v2/tags/30.json]
[jevelin.shufflehound.com/personal-blog/tag/building/feed/index.html]
[jevelin.shufflehound.com/personal-blog/tag/craft/index.html]
[jevelin.shufflehound.com/personal-blog/wp-json/wp/v2/tags/31.json]
[jevelin.shufflehound.com/personal-blog/tag/camera/feed/index.html]
[jevelin.shufflehound.com/personal-blog/tag/craft/feed/index.html]
[jevelin.shufflehound.com/personal-blog/tag/gear/index.html]
[jevelin.shufflehound.com/personal-blog/wp-json/wp/v2/tags/32.json]
[jevelin.shufflehound.com/personal-blog/tag/girl/index.html]
[jevelin.shufflehound.com/personal-blog/tag/gear/feed/index.html]
[jevelin.shufflehound.com/personal-blog/wp-json/wp/v2/tags/33.json]
[jevelin.shufflehound.com/personal-blog/tag/girl/feed/index.html]
[jevelin.shufflehound.com/personal-blog/tag/jumping/index.html]
[jevelin.shufflehound.com/personal-blog/wp-json/wp/v2/tags/34.json]
[jevelin.shufflehound.com/personal-blog/tag/jumping/feed/index.html]
[jevelin.shufflehound.com/personal-blog/tag/lake/index.html]
[jevelin.shufflehound.com/personal-blog/wp-json/wp/v2/tags/35.json]
[jevelin.shufflehound.com/personal-blog/tag/lifestyle/index.html]
[jevelin.shufflehound.com/personal-blog/tag/lake/feed/index.html]
[jevelin.shufflehound.com/personal-blog/wp-json/wp/v2/tags/36.json]
[jevelin.shufflehound.com/personal-blog/tag/lifestyle/feed/index.html]
[jevelin.shufflehound.com/personal-blog/tag/master/index.html]
[jevelin.shufflehound.com/personal-blog/wp-json/wp/v2/tags/37.json]
[jevelin.shufflehound.com/personal-blog/tag/mock-up/index.html]
[jevelin.shufflehound.com/personal-blog/tag/master/feed/index.html]
[jevelin.shufflehound.com/personal-blog/wp-json/wp/v2/tags/38.json]
[jevelin.shufflehound.com/personal-blog/tag/motivation/index.html]
[jevelin.shufflehound.com/personal-blog/wp-json/wp/v2/tags/39.json]
[jevelin.shufflehound.com/personal-blog/tag/mock-up/feed/index.html]
[jevelin.shufflehound.com/personal-blog/tag/motivation/feed/index.html]
[jevelin.shufflehound.com/personal-blog/tag/mountains/index.html]
[jevelin.shufflehound.com/personal-blog/wp-json/wp/v2/tags/40.json]
[jevelin.shufflehound.com/personal-blog/tag/mountains/feed/index.html]
[jevelin.shufflehound.com/personal-blog/tag/movie/index.html]
[jevelin.shufflehound.com/personal-blog/wp-json/wp/v2/tags/41.json]
[jevelin.shufflehound.com/personal-blog/tag/notebook/index.html]
[jevelin.shufflehound.com/personal-blog/tag/movie/feed/index.html]
[jevelin.shufflehound.com/personal-blog/wp-json/wp/v2/tags/45.json]
[jevelin.shufflehound.com/personal-blog/tag/notebook/feed/index.html]
[jevelin.shufflehound.com/personal-blog/tag/office/index.html]
[jevelin.shufflehound.com/personal-blog/wp-json/wp/v2/tags/46.json]
[jevelin.shufflehound.com/personal-blog/tag/stormtrooper/index.html]
[jevelin.shufflehound.com/personal-blog/wp-json/wp/v2/tags/52.json]
[jevelin.shufflehound.com/personal-blog/tag/office/feed/index.html]
[jevelin.shufflehound.com/personal-blog/tag/stormtrooper/feed/index.html]
[jevelin.shufflehound.com/personal-blog/tag/swimming/index.html]
[jevelin.shufflehound.com/personal-blog/wp-json/wp/v2/tags/53.json]
[jevelin.shufflehound.com/personal-blog/tag/trooper/index.html]
[jevelin.shufflehound.com/personal-blog/wp-json/wp/v2/tags/55.json]
[jevelin.shufflehound.com/personal-blog/tag/swimming/feed/index.html]
[jevelin.shufflehound.com/personal-blog/tag/trooper/feed/index.html]
[jevelin.shufflehound.com/personal-blog/wp-json/wp/v2/posts/74.json]
[jevelin.shufflehound.com/personal-blog/wp-json/oembed/1.0/embed5468.json]
[jevelin.shufflehound.com/personal-blog/2016/11/23/main-headquarters-if-finally-ready/feed/index.html]
[jevelin.shufflehound.com/personal-blog/wp-json/oembed/1.0/embed9397]
[jevelin.shufflehound.com/personal-blog/wp-content/uploads/sites/28/2019/09/101_0017_alexandru-acea-AUYYJQZXArM-unsplash-1200x675.jpg]
[jevelin.shufflehound.com/personal-blog/2016/11/23/main-headquarters-if-finally-ready/index.html]
[jevelin.shufflehound.com/personal-blog/wp-json/wp/v2/posts/64.json]
[jevelin.shufflehound.com/personal-blog/wp-json/oembed/1.0/embedbf9b.json]
[jevelin.shufflehound.com/personal-blog/2016/11/23/first-steps-in-the-right-direction/feed/index.html]
[jevelin.shufflehound.com/personal-blog/2016/11/23/first-steps-in-the-right-direction/index.html]
[jevelin.shufflehound.com/personal-blog/wp-json/oembed/1.0/embedc643]
[jevelin.shufflehound.com/personal-blog/wp-json/wp/v2/posts/62.json]
[jevelin.shufflehound.com/personal-blog/wp-json/oembed/1.0/embed5590.json]
[jevelin.shufflehound.com/personal-blog/2016/11/23/couple-of-cool-mock-up-ideas/feed/index.html]
[jevelin.shufflehound.com/personal-blog/2016/11/23/couple-of-cool-mock-up-ideas/index.html]
[jevelin.shufflehound.com/personal-blog/wp-json/oembed/1.0/embed1993]
[jevelin.shufflehound.com/personal-blog/wp-json/wp/v2/posts/76.json]
[jevelin.shufflehound.com/personal-blog/wp-json/oembed/1.0/embed158e.json]
[jevelin.shufflehound.com/personal-blog/2016/11/23/the-proper-way-to-dress-up-for-the-business-meeting/feed/index.html]
[jevelin.shufflehound.com/personal-blog/2016/11/23/the-proper-way-to-dress-up-for-the-business-meeting/index.html]
[jevelin.shufflehound.com/personal-blog/wp-json/oembed/1.0/embed871d]
[jevelin.shufflehound.com/personal-blog/category/commercial/index.html]
[jevelin.shufflehound.com/personal-blog/wp-json/wp/v2/categories/17.json]
[jevelin.shufflehound.com/personal-blog/category/commercial/feed/index.html]
[jevelin.shufflehound.com/personal-blog/wp-json/wp/v2/posts/129.json]
[jevelin.shufflehound.com/personal-blog/wp-json/oembed/1.0/embeddae1.json]
[jevelin.shufflehound.com/personal-blog/2016/11/22/shufflehound-link/feed/index.html]
[jevelin.shufflehound.com/personal-blog/2016/11/22/shufflehound-link/index.html]
[jevelin.shufflehound.com/personal-blog/wp-json/oembed/1.0/embede20c]
[jevelin.shufflehound.com/personal-blog/wp-content/uploads/sites/28/2016/11/14-1200x675.jpg]
[jevelin.shufflehound.com/personal-blog/page/2/index.html]
[jevelin.shufflehound.com/personal-blog/wp-content/themes/jevelin/css/fonts/glyphicons-halflings-regular.html]
[jevelin.shufflehound.com/personal-blog/wp-content/themes/jevelin/fonts/Shufflehound-Icons62dd.svg]
[jevelin.shufflehound.com/personal-blog/wp-content/cache/autoptimize/28/css/autoptimize_ef5e451dd2cdd0b889a0af18aa938c21.css]
[jevelin.shufflehound.com/personal-blog/index5cfa.html]
[jevelin.shufflehound.com/personal-blog/wp-json/wp/v2/posts/29.json]
[jevelin.shufflehound.com/personal-blog/2/index.html]
[jevelin.shufflehound.com/personal-blog/2016/11/22/how-fake-news-goes-viral-a-case-study-2/feed/index.html]
[jevelin.shufflehound.com/personal-blog/wp-json/oembed/1.0/embed8120.json]
[jevelin.shufflehound.com/personal-blog/2016/11/22/how-fake-news-goes-viral-a-case-study-2/index.html]
[jevelin.shufflehound.com/personal-blog/indexae74.html]
[jevelin.shufflehound.com/personal-blog/index7ef4.html]
[jevelin.shufflehound.com/personal-blog/index4f61.html]
[jevelin.shufflehound.com/personal-blog/indexcb30.html]
[jevelin.shufflehound.com/personal-blog/author/shufflehound/page/2/index.html]
[jevelin.shufflehound.com/personal-blog/indexd52d.html]
[jevelin.shufflehound.com/personal-blog/index36d4.html]
[jevelin.shufflehound.com/personal-blog/index8ed7.html]
[jevelin.shufflehound.com/personal-blog/index6213.html]
[jevelin.shufflehound.com/personal-blog/indexb4d2.html]
[jevelin.shufflehound.com/personal-blog/index7896.html]
[jevelin.shufflehound.com/personal-blog/index49a5.html]
[jevelin.shufflehound.com/personal-blog/index8cd4.html]
[jevelin.shufflehound.com/personal-blog/index5c36.html]
[jevelin.shufflehound.com/personal-blog/index04cd.html]
[jevelin.shufflehound.com/personal-blog/index1c00.html]
[jevelin.shufflehound.com/personal-blog/2/index.html]
[jevelin.shufflehound.com/personal-blog/index9cd7.html]
[jevelin.shufflehound.com/personal-blog/wp-json/oembed/1.0/embed7cd3]
